module.exports[`code`] = `"(function() {
  (function() {
    include_two = true;
  })();

  include_one = true;
})();

(function() {
  (function() {
    nested_include = true;
  })();

  subfolder_include = true;
})();

index = true;
"`;

module.exports[`successMessage`] = `"Successfully built files/good.js to output/good.js.

Files included:
    files/include_one.js
    files/include_two.js
    files/subfolder/subfolder_include.js
    files/subfolder/nested_folder/nested_include.js"`;